>query1 <unknown description>
aa-spacer1&tcccggg
>query2 <unknown description>
aa-spacer2&tcccggg
